/var/spool/slurmd/job10695920/slurm_script: line 16: /home/tajer.1/envs/chem_ev/bin/activate: No such file or directory

A module that was compiled using NumPy 1.x cannot be run in
NumPy 2.2.6 as it may crash. To support both 1.x and 2.x
versions of NumPy, modules must be compiled with NumPy 2.0.
Some module may need to rebuild instead e.g. with 'pybind11>=2.12'.

If you are a user of the module, the easiest solution will be to
downgrade to 'numpy<2' or try to upgrade the affected module.
We expect that some modules will need time to support NumPy 2.

Traceback (most recent call last):  File "/home/tajer.1/chemevo/examples/metallicity_dependance/Jul16_meeting/1D_iter_fit_full_script.py", line 2, in <module>
    import pandas as pd
  File "/home/tajer.1/envs/chem_ev/lib/python3.10/site-packages/pandas/__init__.py", line 49, in <module>
    from pandas.core.api import (
  File "/home/tajer.1/envs/chem_ev/lib/python3.10/site-packages/pandas/core/api.py", line 28, in <module>
    from pandas.core.arrays import Categorical
  File "/home/tajer.1/envs/chem_ev/lib/python3.10/site-packages/pandas/core/arrays/__init__.py", line 1, in <module>
    from pandas.core.arrays.arrow import ArrowExtensionArray
  File "/home/tajer.1/envs/chem_ev/lib/python3.10/site-packages/pandas/core/arrays/arrow/__init__.py", line 5, in <module>
    from pandas.core.arrays.arrow.array import ArrowExtensionArray
  File "/home/tajer.1/envs/chem_ev/lib/python3.10/site-packages/pandas/core/arrays/arrow/array.py", line 53, in <module>
    from pandas.core import (
  File "/home/tajer.1/envs/chem_ev/lib/python3.10/site-packages/pandas/core/ops/__init__.py", line 8, in <module>
    from pandas.core.ops.array_ops import (
  File "/home/tajer.1/envs/chem_ev/lib/python3.10/site-packages/pandas/core/ops/array_ops.py", line 56, in <module>
    from pandas.core.computation import expressions
  File "/home/tajer.1/envs/chem_ev/lib/python3.10/site-packages/pandas/core/computation/expressions.py", line 21, in <module>
    from pandas.core.computation.check import NUMEXPR_INSTALLED
  File "/home/tajer.1/envs/chem_ev/lib/python3.10/site-packages/pandas/core/computation/check.py", line 5, in <module>
    ne = import_optional_dependency("numexpr", errors="warn")
  File "/home/tajer.1/envs/chem_ev/lib/python3.10/site-packages/pandas/compat/_optional.py", line 135, in import_optional_dependency
    module = importlib.import_module(name)
  File "/home/tajer.1/envs/chem_ev/lib/python3.10/importlib/__init__.py", line 126, in import_module
    return _bootstrap._gcd_import(name[level:], package, level)
  File "/home/tajer.1/envs/chem_ev/lib/python3.10/site-packages/numexpr/__init__.py", line 26, in <module>
    from numexpr.interpreter import MAX_THREADS, use_vml, __BLOCK_SIZE1__
AttributeError: _ARRAY_API not found

A module that was compiled using NumPy 1.x cannot be run in
NumPy 2.2.6 as it may crash. To support both 1.x and 2.x
versions of NumPy, modules must be compiled with NumPy 2.0.
Some module may need to rebuild instead e.g. with 'pybind11>=2.12'.

If you are a user of the module, the easiest solution will be to
downgrade to 'numpy<2' or try to upgrade the affected module.
We expect that some modules will need time to support NumPy 2.

Traceback (most recent call last):  File "/home/tajer.1/chemevo/examples/metallicity_dependance/Jul16_meeting/1D_iter_fit_full_script.py", line 2, in <module>
    import pandas as pd
  File "/home/tajer.1/envs/chem_ev/lib/python3.10/site-packages/pandas/__init__.py", line 49, in <module>
    from pandas.core.api import (
  File "/home/tajer.1/envs/chem_ev/lib/python3.10/site-packages/pandas/core/api.py", line 28, in <module>
    from pandas.core.arrays import Categorical
  File "/home/tajer.1/envs/chem_ev/lib/python3.10/site-packages/pandas/core/arrays/__init__.py", line 1, in <module>
    from pandas.core.arrays.arrow import ArrowExtensionArray
  File "/home/tajer.1/envs/chem_ev/lib/python3.10/site-packages/pandas/core/arrays/arrow/__init__.py", line 5, in <module>
    from pandas.core.arrays.arrow.array import ArrowExtensionArray
  File "/home/tajer.1/envs/chem_ev/lib/python3.10/site-packages/pandas/core/arrays/arrow/array.py", line 67, in <module>
    from pandas.core.arrays.masked import BaseMaskedArray
  File "/home/tajer.1/envs/chem_ev/lib/python3.10/site-packages/pandas/core/arrays/masked.py", line 61, in <module>
    from pandas.core import (
  File "/home/tajer.1/envs/chem_ev/lib/python3.10/site-packages/pandas/core/nanops.py", line 52, in <module>
    bn = import_optional_dependency("bottleneck", errors="warn")
  File "/home/tajer.1/envs/chem_ev/lib/python3.10/site-packages/pandas/compat/_optional.py", line 135, in import_optional_dependency
    module = importlib.import_module(name)
  File "/home/tajer.1/envs/chem_ev/lib/python3.10/importlib/__init__.py", line 126, in import_module
    return _bootstrap._gcd_import(name[level:], package, level)
  File "/home/tajer.1/envs/chem_ev/lib/python3.10/site-packages/bottleneck/__init__.py", line 7, in <module>
    from .move import (move_argmax, move_argmin, move_max, move_mean, move_median,
AttributeError: _ARRAY_API not found
alpha_ccs =  [0.4 0.5 0.6 0.7 0.8 0.9 1.  1.1 1.2]
n_gals in each alpha_cc =  500
n_gals total =  4500
Traceback (most recent call last):
  File "/home/tajer.1/chemevo/examples/metallicity_dependance/Jul16_meeting/1D_iter_fit_full_script.py", line 139, in <module>
    best_val = optimize_for_param(param_name=param, file_pattern=f"models_diff_start/{param}_iter{i}_*.csv")
  File "/home/tajer.1/chemevo/examples/metallicity_dependance/Jul16_meeting/1D_iter_fit_full_script.py", line 85, in optimize_for_param
    results_df = pd.DataFrame(chi2_results).sort_values(by='reduced_chi2').reset_index(drop=True)
  File "/home/tajer.1/envs/chem_ev/lib/python3.10/site-packages/pandas/core/frame.py", line 7211, in sort_values
    k = self._get_label_or_level_values(by[0], axis=axis)
  File "/home/tajer.1/envs/chem_ev/lib/python3.10/site-packages/pandas/core/generic.py", line 1914, in _get_label_or_level_values
    raise KeyError(key)
KeyError: 'reduced_chi2'
